Copyright 1986-2022 Xilinx, Inc. All Rights Reserved. Copyright 2022-2025 Advanced Micro Devices, Inc. All Rights Reserved.
-------------------------------------------------------------------------------------------------------------------------------------------------
| Tool Version : Vivado v.2025.2 (lin64) Build 6299465 Fri Nov 14 12:34:56 MST 2025
| Date         : Tue Jul  7 23:37:26 2026
| Host         : pc-nixos running 64-bit Ubuntu"
VERSION_ID="22.04 22.04.5 LTS (Jammy Jellyfish)"
VERSION_CODENAME=jammy
| Command      : report_utilization -hierarchical -hierarchical_depth 6 -file /run/host/data/rp2040-clone/fpga/vivado/utilization_synth_hier.rpt
| Design       : fpga_top
| Device       : xc7a35tcpg236-1
| Speed File   : -1
| Design State : Synthesized
-------------------------------------------------------------------------------------------------------------------------------------------------

Utilization Design Information

Table of Contents
-----------------
1. Utilization by Hierarchy

1. Utilization by Hierarchy
---------------------------

+------------------------------+---------------------------+------------+------------+---------+------+------+--------+--------+------------+
|           Instance           |           Module          | Total LUTs | Logic LUTs | LUTRAMs | SRLs |  FFs | RAMB36 | RAMB18 | DSP Blocks |
+------------------------------+---------------------------+------------+------------+---------+------+------+--------+--------+------------+
| fpga_top                     |                     (top) |      27190 |      27190 |       0 |    0 | 9524 |     32 |      2 |          0 |
|   (fpga_top)                 |                     (top) |          0 |          0 |       0 |    0 |    0 |      0 |      0 |          0 |
|   soc                        |                 rvsoc_top |      27190 |      27190 |       0 |    0 | 9524 |     32 |      2 |          0 |
|     cpu0                     |         hazard3_cpu_2port |       2065 |       2065 |       0 |    0 |  549 |      0 |      2 |          0 |
|       core                   |              hazard3_core |       2065 |       2065 |       0 |    0 |  547 |      0 |      2 |          0 |
|         (core)               |              hazard3_core |         56 |         56 |       0 |    0 |  112 |      0 |      0 |          0 |
|         csr_u                |               hazard3_csr |         97 |         97 |       0 |    0 |  105 |      0 |      0 |          0 |
|         decode_u             |            hazard3_decode |         69 |         69 |       0 |    0 |   32 |      0 |      0 |          0 |
|         frontend             |          hazard3_frontend |       1367 |       1367 |       0 |    0 |  188 |      0 |      0 |          0 |
|         has_muldiv.muldiv    |        hazard3_muldiv_seq |        300 |        300 |       0 |    0 |  110 |      0 |      0 |          0 |
|         regs                 |      hazard3_regfile_1w2r |        176 |        176 |       0 |    0 |    0 |      0 |      2 |          0 |
|     mem                      |                  sram_top |         49 |         49 |       0 |    0 |   87 |     32 |      0 |          0 |
|       bank                   |                 sram_bank |         49 |         49 |       0 |    0 |   87 |     32 |      0 |          0 |
|     pio0                     |                   pio_top |      12990 |      12990 |       0 |    0 | 4439 |      0 |      0 |          0 |
|       (pio0)                 |                   pio_top |        876 |        876 |       0 |    0 | 1279 |      0 |      0 |          0 |
|       fifo_inst[0].u_rx_fifo |                pio_fifo_8 |        134 |        134 |       0 |    0 |  266 |      0 |      0 |          0 |
|       fifo_inst[0].u_tx_fifo |                pio_fifo_9 |         87 |         87 |       0 |    0 |  266 |      0 |      0 |          0 |
|       fifo_inst[1].u_rx_fifo |               pio_fifo_10 |        199 |        199 |       0 |    0 |  266 |      0 |      0 |          0 |
|       fifo_inst[1].u_tx_fifo |               pio_fifo_11 |         87 |         87 |       0 |    0 |  266 |      0 |      0 |          0 |
|       fifo_inst[2].u_rx_fifo |               pio_fifo_12 |        203 |        203 |       0 |    0 |  266 |      0 |      0 |          0 |
|       fifo_inst[2].u_tx_fifo |               pio_fifo_13 |         83 |         83 |       0 |    0 |  266 |      0 |      0 |          0 |
|       fifo_inst[3].u_rx_fifo |               pio_fifo_14 |        122 |        122 |       0 |    0 |  266 |      0 |      0 |          0 |
|       fifo_inst[3].u_tx_fifo |               pio_fifo_15 |         86 |         86 |       0 |    0 |  266 |      0 |      0 |          0 |
|       sm_inst[0].u_sm        |                 pio_sm_16 |       2827 |       2827 |       0 |    0 |  258 |      0 |      0 |          0 |
|       sm_inst[1].u_sm        | pio_sm__parameterized0_17 |       2648 |       2648 |       0 |    0 |  258 |      0 |      0 |          0 |
|       sm_inst[2].u_sm        | pio_sm__parameterized1_18 |       2778 |       2778 |       0 |    0 |  258 |      0 |      0 |          0 |
|       sm_inst[3].u_sm        | pio_sm__parameterized2_19 |       2860 |       2860 |       0 |    0 |  258 |      0 |      0 |          0 |
|     pio1                     |                 pio_top_0 |      12060 |      12060 |       0 |    0 | 4413 |      0 |      0 |          0 |
|       (pio1)                 |                 pio_top_0 |        184 |        184 |       0 |    0 | 1253 |      0 |      0 |          0 |
|       fifo_inst[0].u_rx_fifo |                  pio_fifo |        104 |        104 |       0 |    0 |  266 |      0 |      0 |          0 |
|       fifo_inst[0].u_tx_fifo |                pio_fifo_1 |         86 |         86 |       0 |    0 |  266 |      0 |      0 |          0 |
|       fifo_inst[1].u_rx_fifo |                pio_fifo_2 |        194 |        194 |       0 |    0 |  266 |      0 |      0 |          0 |
|       fifo_inst[1].u_tx_fifo |                pio_fifo_3 |         85 |         85 |       0 |    0 |  266 |      0 |      0 |          0 |
|       fifo_inst[2].u_rx_fifo |                pio_fifo_4 |        195 |        195 |       0 |    0 |  266 |      0 |      0 |          0 |
|       fifo_inst[2].u_tx_fifo |                pio_fifo_5 |         82 |         82 |       0 |    0 |  266 |      0 |      0 |          0 |
|       fifo_inst[3].u_rx_fifo |                pio_fifo_6 |        103 |        103 |       0 |    0 |  266 |      0 |      0 |          0 |
|       fifo_inst[3].u_tx_fifo |                pio_fifo_7 |         85 |         85 |       0 |    0 |  266 |      0 |      0 |          0 |
|       sm_inst[0].u_sm        |                    pio_sm |       2799 |       2799 |       0 |    0 |  258 |      0 |      0 |          0 |
|       sm_inst[1].u_sm        |    pio_sm__parameterized0 |       2619 |       2619 |       0 |    0 |  258 |      0 |      0 |          0 |
|       sm_inst[2].u_sm        |    pio_sm__parameterized1 |       2727 |       2727 |       0 |    0 |  258 |      0 |      0 |          0 |
|       sm_inst[3].u_sm        |    pio_sm__parameterized2 |       2797 |       2797 |       0 |    0 |  258 |      0 |      0 |          0 |
+------------------------------+---------------------------+------------+------------+---------+------+------+--------+--------+------------+


